// Jest Snapshot v1, https://goo.gl/fbAQLP

exports[`Analytics Analytics 1`] = `
Object {
  "api_key": "mock api key",
  "event": "[{\\"user_id\\":\\"mockusername\\",\\"event_type\\":\\"my-event\\",\\"event_properties\\":{\\"repo\\":\\"all-contributors-bot\\",\\"owner\\":\\"all-contributors\\",\\"funnel_id\\":\\"mockFunnelId\\"}}]",
}
`;
